<?xml version="1.0" encoding="utf-8"?><testsuites><testsuite name="pytest" errors="0" failures="0" skipped="0" tests="8" time="108.034" timestamp="2024-08-17T19:55:26.872632" hostname="LAPTOP-VD4R90TF"><testcase classname="test_AddRemoveElements" name="test_click_add_remove_elements" time="10.702" /><testcase classname="test_AddRemoveElements" name="test_basic_auth" time="13.608" /><testcase classname="test_AddRemoveElements" name="test_broken_images" time="10.448" /><testcase classname="test_AddRemoveElements" name="test_challenging_dom" time="13.077" /><testcase classname="test_AddRemoveElements" name="test_checkboxes" time="10.544" /><testcase classname="test_AddRemoveElements" name="test_context_menu" time="10.932" /><testcase classname="test_AddRemoveElements" name="test_disappearing_elements" time="11.019" /><testcase classname="test_AddRemoveElements" name="test_drag_and_drop" time="11.278" /></testsuite></testsuites>